
Discarded input sections

 .text          0x00000000        0x0 startup_LPC17xx.o
 .data          0x00000000        0x0 startup_LPC17xx.o
 .bss           0x00000000        0x0 startup_LPC17xx.o
 .stackarea     0x00000000      0x800 startup_LPC17xx.o
 .text          0x00000000        0x0 core_cm3.o
 .data          0x00000000        0x0 core_cm3.o
 .bss           0x00000000        0x0 core_cm3.o
 .text.__get_PSP
                0x00000000        0x8 core_cm3.o
 .text.__set_PSP
                0x00000000        0x6 core_cm3.o
 .text.__get_MSP
                0x00000000        0x8 core_cm3.o
 .text.__set_MSP
                0x00000000        0x6 core_cm3.o
 .text.__get_BASEPRI
                0x00000000        0x6 core_cm3.o
 .text.__set_BASEPRI
                0x00000000        0x6 core_cm3.o
 .text.__get_PRIMASK
                0x00000000        0x6 core_cm3.o
 .text.__set_PRIMASK
                0x00000000        0x6 core_cm3.o
 .text.__get_FAULTMASK
                0x00000000        0x6 core_cm3.o
 .text.__set_FAULTMASK
                0x00000000        0x6 core_cm3.o
 .text.__get_CONTROL
                0x00000000        0x6 core_cm3.o
 .text.__set_CONTROL
                0x00000000        0x6 core_cm3.o
 .text.__REV    0x00000000        0x4 core_cm3.o
 .text.__REV16  0x00000000        0x4 core_cm3.o
 .text.__REVSH  0x00000000        0x4 core_cm3.o
 .text.__RBIT   0x00000000        0x6 core_cm3.o
 .text.__LDREXB
                0x00000000        0x8 core_cm3.o
 .text.__LDREXH
                0x00000000        0x8 core_cm3.o
 .text.__LDREXW
                0x00000000        0x6 core_cm3.o
 .text.__STREXB
                0x00000000        0x6 core_cm3.o
 .text.__STREXH
                0x00000000        0x6 core_cm3.o
 .text.__STREXW
                0x00000000        0x6 core_cm3.o
 .text          0x00000000        0x0 main.o
 .data          0x00000000        0x0 main.o
 .bss           0x00000000        0x0 main.o
 .text          0x00000000        0x0 system_LPC17xx.o
 .data          0x00000000        0x0 system_LPC17xx.o
 .bss           0x00000000        0x0 system_LPC17xx.o
 .text.SystemCoreClockUpdate
                0x00000000       0xe8 system_LPC17xx.o
 .data.SystemCoreClock
                0x00000000        0x4 system_LPC17xx.o

Memory Configuration

Name             Origin             Length             Attributes
IROM             0x00002000         0x00080000         xr
IRAM0            0x10000000         0x00008000         xrw
IRAM1            0x2007c000         0x00004000         xrw
IRAM2            0x20080000         0x00004000         xrw
*default*        0x00000000         0xffffffff

Linker script and memory map


.text           0x00002000      0x2d8
 *(.isr_vector .isr_vector.*)
 .isr_vector    0x00002000       0xc4 startup_LPC17xx.o
                0x00002000                g_pfnVectors
 *(.text .text.*)
 .text.Default_Handler
                0x000020c4        0x2 startup_LPC17xx.o
                0x000020c4                TIMER2_IRQHandler
                0x000020c4                DebugMon_Handler
                0x000020c4                RIT_IRQHandler
                0x000020c4                I2C0_IRQHandler
                0x000020c4                SysTick_Handler
                0x000020c4                PendSV_Handler
                0x000020c4                I2C1_IRQHandler
                0x000020c4                EINT2_IRQHandler
                0x000020c4                UART1_IRQHandler
                0x000020c4                EINT3_IRQHandler
                0x000020c4                TIMER3_IRQHandler
                0x000020c4                UART0_IRQHandler
                0x000020c4                UsageFault_Handler
                0x000020c4                PLL0_IRQHandler
                0x000020c4                CAN_IRQHandler
                0x000020c4                PLL1_IRQHandler
                0x000020c4                SSP0_IRQHandler
                0x000020c4                I2S_IRQHandler
                0x000020c4                I2C2_IRQHandler
                0x000020c4                RTC_IRQHandler
                0x000020c4                TIMER0_IRQHandler
                0x000020c4                SPI_IRQHandler
                0x000020c4                EINT1_IRQHandler
                0x000020c4                TIMER1_IRQHandler
                0x000020c4                UART2_IRQHandler
                0x000020c4                Default_Handler
                0x000020c4                ADC_IRQHandler
                0x000020c4                SSP1_IRQHandler
                0x000020c4                USB_IRQHandler
                0x000020c4                BOD_IRQHandler
                0x000020c4                MemManage_Handler
                0x000020c4                WDT_IRQHandler
                0x000020c4                SVC_Handler
                0x000020c4                QEI_IRQHandler
                0x000020c4                EINT0_IRQHandler
                0x000020c4                DMA_IRQHandler
                0x000020c4                BusFault_Handler
                0x000020c4                UART3_IRQHandler
                0x000020c4                MCPWM_IRQHandler
                0x000020c4                ENET_IRQHandler
 *fill*         0x000020c6        0x2 00
 .text.Reset_Handler
                0x000020c8       0x88 startup_LPC17xx.o
                0x000020c8                Reset_Handler
 .text.PWM1_IRQHandler
                0x00002150       0x18 main.o
                0x00002150                PWM1_IRQHandler
 .text.PWMInit  0x00002168       0x8c main.o
                0x00002168                PWMInit
 .text.main     0x000021f4        0x8 main.o
                0x000021f4                main
 .text.SystemInit
                0x000021fc       0xdc system_LPC17xx.o
                0x000021fc                SystemInit
 *(.gnu.linkonce.t.*)
 *(.glue_7)
 .glue_7        0x00000000        0x0 linker stubs
 *(.glue_7t)
 .glue_7t       0x00000000        0x0 linker stubs
 *(.gcc_except_table)
 *(.rodata .rodata*)
 *(.gnu.linkonce.r.*)

.vfp11_veneer   0x000022d8        0x0
 .vfp11_veneer  0x00000000        0x0 linker stubs

.v4_bx          0x000022d8        0x0
 .v4_bx         0x00000000        0x0 linker stubs

.ctors          0x000022d8        0x0
                0x000022d8                . = ALIGN (0x4)
                0x000022d8                PROVIDE (__ctors_start, .)
 *(SORT(.ctors.*))
 *(.ctors)
                0x000022d8                PROVIDE (__ctors_end, .)

.dtors          0x000022d8        0x0
                0x000022d8                . = ALIGN (0x4)
                0x000022d8                PROVIDE (__dtors_start, .)
 *(SORT(.dtors.*))
 *(.dtors)
                0x000022d8                PROVIDE (__dtors_end, .)
                0x000022d8                . = ALIGN (0x4)
                0x000022d8                _etext = .
                0x000022d8                _sifastcode = .

.fastcode       0x10000000        0x0 load address 0x000022d8
                0x10000000                . = ALIGN (0x4)
                0x10000000                _sfastcode = .
 *(.glue_7t)
 *(.glue_7)
 *(.fastcode)
                0x10000000                . = ALIGN (0x4)
                0x10000000                _efastcode = .
                0x10000000                _sidata = .

.usb_ram
 *.o(USB_RAM)

.data           0x10000000        0x0 load address 0x000022d8
                0x000022d8                _sidata = LOADADDR (.data)
                0x10000000                . = ALIGN (0x4)
                0x10000000                _sdata = .
 *(vtable vtable.*)
 *(.data .data.*)
 *(.gnu.linkonce.d*)
                0x10000000                . = ALIGN (0x4)
                0x10000000                _edata = .

.bss            0x10000000        0x0 load address 0x000022d8
                0x10000000                . = ALIGN (0x4)
                0x10000000                _sbss = .
 *(.bss .bss.*)
 *(.gnu.linkonce.b*)
 *(COMMON)
                0x10000000                . = ALIGN (0x4)
                0x10000000                _ebss = .

.stackarea      0x10000000        0x0 load address 0x000022d8
                0x10000000                . = ALIGN (0x8)
                0x10000000                _sstack = .
 *(.stackarea .stackarea.*)
                0x10000000                . = ALIGN (0x8)
                0x10000000                _estack = .
                0x10000000                . = ALIGN (0x4)
                0x10000000                _end = .
                0x10000000                PROVIDE (end, .)
                0x10008000                _stack = 0x10008000

.stab
 *(.stab)

.stabstr
 *(.stabstr)

.stab.excl
 *(.stab.excl)

.stab.exclstr
 *(.stab.exclstr)

.stab.index
 *(.stab.index)

.stab.indexstr
 *(.stab.indexstr)

.debug
 *(.debug)

.line
 *(.line)

.debug_srcinfo
 *(.debug_srcinfo)

.debug_sfnames
 *(.debug_sfnames)

.debug_aranges
 *(.debug_aranges)

.debug_pubnames
 *(.debug_pubnames)

.debug_info
 *(.debug_info .gnu.linkonce.wi.*)

.debug_abbrev
 *(.debug_abbrev)

.debug_line
 *(.debug_line)

.debug_frame
 *(.debug_frame)

.debug_str
 *(.debug_str)

.debug_loc
 *(.debug_loc)

.debug_macinfo
 *(.debug_macinfo)

.debug_weaknames
 *(.debug_weaknames)

.debug_funcnames
 *(.debug_funcnames)

.debug_typenames
 *(.debug_typenames)

.debug_varnames
 *(.debug_varnames)
LOAD startup_LPC17xx.o
LOAD core_cm3.o
LOAD main.o
LOAD system_LPC17xx.o
OUTPUT(main.elf elf32-littlearm)

.comment        0x00000000       0xac
 .comment       0x00000000       0x2b startup_LPC17xx.o
 .comment       0x0000002b       0x2b core_cm3.o
 .comment       0x00000056       0x2b main.o
 .comment       0x00000081       0x2b system_LPC17xx.o

.ARM.attributes
                0x00000000       0x31
 .ARM.attributes
                0x00000000       0x31 startup_LPC17xx.o
 .ARM.attributes
                0x00000031       0x31 core_cm3.o
 .ARM.attributes
                0x00000062       0x31 main.o
 .ARM.attributes
                0x00000093       0x31 system_LPC17xx.o
